{
  "id": "cadmium::modeling::coupled_model<float, std::tuple<>, std::tuple<json_translation_test_suite::coupled_out_port>, cadmium::modeling::models_tuple<json_translation_test_suite::test_generator>, std::tuple<>, std::tuple<cadmium::modeling::EOC<json_translation_test_suite::test_generator, cadmium::basic_models::generator_defs<json_translation_test_suite::test_tick>::out, json_translation_test_suite::coupled_out_port> >, std::tuple<> >",
  "type": "coupled",
  "eoc": [
    {
      "to_port": "json_translation_test_suite::coupled_out_port",
      "from_model": "json_translation_test_suite::test_generator<float>",
      "from_port": "cadmium::basic_models::generator_defs<json_translation_test_suite::test_tick>::out"
    }
  ],
  "ports": {
    "out": [
      {
        "name": "json_translation_test_suite::coupled_out_port",
        "message_type": "json_translation_test_suite::test_tick",
        "port_kind": "out"
      }
    ]
  },
  "models": [
    {
      "id": "json_translation_test_suite::test_generator<float>",
      "type": "atomic",
      "ports": {
        "out": [
          {
            "name": "cadmium::basic_models::generator_defs<json_translation_test_suite::test_tick>::out",
            "message_type": "json_translation_test_suite::test_tick",
            "port_kind": "out"
          }
        ]
      }
    }
  ]
}
